Alumno@NADL-246 MINGW64 ~
$ cd "C:\Users\Alumno\Desktop\Full Stack\Curso Full Stack Java\Module 3\11. Git\Ejercicio 45\fullstackjava"

Alumno@NADL-246 MINGW64 ~/Desktop/Full Stack/Curso Full Stack Java/Module 3/11. Git/Ejercicio 45/fullstackjava (awakers)
$ git log --oneline
be776fa (HEAD -> awakers, master) Agregada la información del mosulo 4
1181862 Temario del curso completo
0fb04c4 Añadido el material del modulo 3
3898062 Agregada la información del modulo 2
db497c0 Nueva carpeta y archivo
502d6b3 Delete file
a544024 Nuevo archivo
aa91735 Versión actualizada del contenido
5d91919 Primera versión del temario subida al repositorio
4efb7ff Primera version del temario subida al repositorio

Alumno@NADL-246 MINGW64 ~/Desktop/Full Stack/Curso Full Stack Java/Module 3/11. Git/Ejercicio 45/fullstackjava (awakers)
$ git checkout

Alumno@NADL-246 MINGW64 ~/Desktop/Full Stack/Curso Full Stack Java/Module 3/11. Git/Ejercicio 45/fullstackjava (awakers)
$ git remote -v

Alumno@NADL-246 MINGW64 ~/Desktop/Full Stack/Curso Full Stack Java/Module 3/11. Git/Ejercicio 45/fullstackjava (awakers)
$ git branch -s
error: unknown switch `s'
usage: git branch [<options>] [-r | -a] [--merged | --no-merged]
   or: git branch [<options>] [-l] [-f] <branch-name> [<start-point>]
   or: git branch [<options>] [-r] (-d | -D) <branch-name>...
   or: git branch [<options>] (-m | -M) [<old-branch>] <new-branch>
   or: git branch [<options>] (-c | -C) [<old-branch>] <new-branch>
   or: git branch [<options>] [-r | -a] [--points-at]
   or: git branch [<options>] [-r | -a] [--format]

Generic options
    -v, --verbose         show hash and subject, give twice for upstream branch
    -q, --quiet           suppress informational messages
    -t, --track           set up tracking mode (see git-pull(1))
    -u, --set-upstream-to <upstream>
                          change the upstream info
    --unset-upstream      unset the upstream info
    --color[=<when>]      use colored output
    -r, --remotes         act on remote-tracking branches
    --contains <commit>   print only branches that contain the commit
    --no-contains <commit>
                          print only branches that don't contain the commit
    --abbrev[=<n>]        use <n> digits to display SHA-1s

Specific git-branch actions:
    -a, --all             list both remote-tracking and local branches
    -d, --delete          delete fully merged branch
    -D                    delete branch (even if not merged)
    -m, --move            move/rename a branch and its reflog
    -M                    move/rename a branch, even if target exists
    -c, --copy            copy a branch and its reflog
    -C                    copy a branch, even if target exists
    -l, --list            list branch names
    --show-current        show current branch name
    --create-reflog       create the branch's reflog
    --edit-description    edit the description for the branch
    -f, --force           force creation, move/rename, deletion
    --merged <commit>     print only branches that are merged
    --no-merged <commit>  print only branches that are not merged
    --column[=<style>]    list branches in columns
    --sort <key>          field name to sort on
    --points-at <object>  print only branches of the object
    -i, --ignore-case     sorting and filtering are case insensitive
    --format <format>     format to use for the output


Alumno@NADL-246 MINGW64 ~/Desktop/Full Stack/Curso Full Stack Java/Module 3/11. Git/Ejercicio 45/fullstackjava (awakers)
$ git branch -l
* awakers
  master

Alumno@NADL-246 MINGW64 ~/Desktop/Full Stack/Curso Full Stack Java/Module 3/11. Git/Ejercicio 45/fullstackjava (awakers)
$
